[www.mmnt.net/db/0/0/95.25.174.12/AiDisk_a1/share/ASUS_BOOK_BACKUP/DEA-ARJ/DeaWork/DELPHI/SOURCE/VCL.html]
[backblue.gif]
[fade.gif]
[index.html]
[www.mmnt.net/js/jquery-1.11.0.min.js]
[www.mmnt.net/icons/back.gif]
[www.mmnt.net/icons/unknown.gif]
[www.mmnt.net/db/0/0/95.25.174.12/AiDisk_a1/share/ASUS_BOOK_BACKUP/DEA-ARJ/DeaWork/DELPHI/SOURCE/VCL.html]
[www.mmnt.net/db/0/0/95.25.174.12/AiDisk_a1/share/ASUS_BOOK_BACKUP/DEA-ARJ/DeaWork/DELPHI/SOURCE/index.html]
[www.mmnt.net/db/0/1/95.25.174.12/AiDisk_a1/share/ASUS_BOOK_BACKUP/DEA-ARJ/DeaWork/DELPHI/SOURCE/VCL/index.html]
[www.mmnt.net/icons/folder.gif]
[www.mmnt.net/db/0/0/95.25.174.12/AiDisk_a1/share/ASUS_BOOK_BACKUP/DEA-ARJ/DeaWork/DELPHI/SOURCE/LIB.html]
[www.mmnt.net/db/0/0/95.25.174.12/AiDisk_a1/share/ASUS_BOOK_BACKUP/DEA-ARJ/DeaWork/DELPHI/SOURCE/RTL.html]
[www.mmnt.net/db/0/0/95.25.174.12/AiDisk_a1/share/ASUS_BOOK_BACKUP/DEA-ARJ/DeaWork/DELPHI/SOURCE/RTL70.html]
[www.mmnt.net/db/0/0/95.25.174.12/AiDisk_a1/share/ASUS_BOOK_BACKUP/DEA-ARJ/DeaWork/DELPHI/SOURCE/SAMPLES.html]
[www.mmnt.net/db/0/0/95.25.174.12/AiDisk_a1/share/ASUS_BOOK_BACKUP/DEA-ARJ/DeaWork/DELPHI/SOURCE/index.html]
[www.mmnt.net/db/0/1/95.25.174.12/AiDisk_a1/share/ASUS_BOOK_BACKUP/DEA-ARJ/DeaWork/DELPHI/SOURCE/VCL/index.html]
[95.25.174.12/AiDisk_a1/share/ASUS_BOOK_BACKUP/DEA-ARJ/DeaWork/DELPHI/SOURCE/VCL/BUTTONS.PAS]
[95.25.174.12/AiDisk_a1/share/ASUS_BOOK_BACKUP/DEA-ARJ/DeaWork/DELPHI/SOURCE/VCL/CLASSES.PAS]
[95.25.174.12/AiDisk_a1/share/ASUS_BOOK_BACKUP/DEA-ARJ/DeaWork/DELPHI/SOURCE/VCL/CLIPBRD.PAS]
[95.25.174.12/AiDisk_a1/share/ASUS_BOOK_BACKUP/DEA-ARJ/DeaWork/DELPHI/SOURCE/VCL/CONSTS.RC]
[95.25.174.12/AiDisk_a1/share/ASUS_BOOK_BACKUP/DEA-ARJ/DeaWork/DELPHI/SOURCE/VCL/CONTROLS.PAS]
[95.25.174.12/AiDisk_a1/share/ASUS_BOOK_BACKUP/DEA-ARJ/DeaWork/DELPHI/SOURCE/VCL/DB.PAS]
[95.25.174.12/AiDisk_a1/share/ASUS_BOOK_BACKUP/DEA-ARJ/DeaWork/DELPHI/SOURCE/VCL/DBCONSTS.RC]
[95.25.174.12/AiDisk_a1/share/ASUS_BOOK_BACKUP/DEA-ARJ/DeaWork/DELPHI/SOURCE/VCL/DBCTRLS.PAS]
[95.25.174.12/AiDisk_a1/share/ASUS_BOOK_BACKUP/DEA-ARJ/DeaWork/DELPHI/SOURCE/VCL/DBGRIDS.PAS]
[95.25.174.12/AiDisk_a1/share/ASUS_BOOK_BACKUP/DEA-ARJ/DeaWork/DELPHI/SOURCE/VCL/DBI.OBJ]
[95.25.174.12/AiDisk_a1/share/ASUS_BOOK_BACKUP/DEA-ARJ/DeaWork/DELPHI/SOURCE/VCL/DBLOGDLG.PAS]
[95.25.174.12/AiDisk_a1/share/ASUS_BOOK_BACKUP/DEA-ARJ/DeaWork/DELPHI/SOURCE/VCL/DBLOOKUP.PAS]
[95.25.174.12/AiDisk_a1/share/ASUS_BOOK_BACKUP/DEA-ARJ/DeaWork/DELPHI/SOURCE/VCL/DBPWDLG.PAS]
[95.25.174.12/AiDisk_a1/share/ASUS_BOOK_BACKUP/DEA-ARJ/DeaWork/DELPHI/SOURCE/VCL/DBTABLES.PAS]
[95.25.174.12/AiDisk_a1/share/ASUS_BOOK_BACKUP/DEA-ARJ/DeaWork/DELPHI/SOURCE/VCL/DDEMAN.PAS]
[www.mmnt.net/db/0/0/95.25.174.12/AiDisk_a1/share/ASUS_BOOK_BACKUP/DEA-ARJ/DeaWork/DELPHI/SOURCE/VCL/index.html]
[95.25.174.12/AiDisk_a1/share/ASUS_BOOK_BACKUP/DEA-ARJ/DeaWork/DELPHI/SOURCE/VCL/DIALOGS.PAS]
[95.25.174.12/AiDisk_a1/share/ASUS_BOOK_BACKUP/DEA-ARJ/DeaWork/DELPHI/SOURCE/VCL/DSGNINTF.PAS]
[95.25.174.12/AiDisk_a1/share/ASUS_BOOK_BACKUP/DEA-ARJ/DeaWork/DELPHI/SOURCE/VCL/EXPTINTF.PAS]
[95.25.174.12/AiDisk_a1/share/ASUS_BOOK_BACKUP/DEA-ARJ/DeaWork/DELPHI/SOURCE/VCL/EXTCTRLS.PAS]
[95.25.174.12/AiDisk_a1/share/ASUS_BOOK_BACKUP/DEA-ARJ/DeaWork/DELPHI/SOURCE/VCL/FILECTRL.PAS]
[95.25.174.12/AiDisk_a1/share/ASUS_BOOK_BACKUP/DEA-ARJ/DeaWork/DELPHI/SOURCE/VCL/FORMS.PAS]
[95.25.174.12/AiDisk_a1/share/ASUS_BOOK_BACKUP/DEA-ARJ/DeaWork/DELPHI/SOURCE/VCL/GRAPHICS.PAS]
[95.25.174.12/AiDisk_a1/share/ASUS_BOOK_BACKUP/DEA-ARJ/DeaWork/DELPHI/SOURCE/VCL/GRIDS.PAS]
[95.25.174.12/AiDisk_a1/share/ASUS_BOOK_BACKUP/DEA-ARJ/DeaWork/DELPHI/SOURCE/VCL/IDPAS01.OBJ]
[95.25.174.12/AiDisk_a1/share/ASUS_BOOK_BACKUP/DEA-ARJ/DeaWork/DELPHI/SOURCE/VCL/INIFILES.PAS]
[95.25.174.12/AiDisk_a1/share/ASUS_BOOK_BACKUP/DEA-ARJ/DeaWork/DELPHI/SOURCE/VCL/INTFPAS.OBJ]
[95.25.174.12/AiDisk_a1/share/ASUS_BOOK_BACKUP/DEA-ARJ/DeaWork/DELPHI/SOURCE/VCL/ISTREAMS.PAS]
[95.25.174.12/AiDisk_a1/share/ASUS_BOOK_BACKUP/DEA-ARJ/DeaWork/DELPHI/SOURCE/VCL/MASK.PAS]
[95.25.174.12/AiDisk_a1/share/ASUS_BOOK_BACKUP/DEA-ARJ/DeaWork/DELPHI/SOURCE/VCL/MCIMSG.RC]
[95.25.174.12/AiDisk_a1/share/ASUS_BOOK_BACKUP/DEA-ARJ/DeaWork/DELPHI/SOURCE/VCL/MENUS.PAS]
[www.mmnt.net/db/0/0/95.25.174.12/AiDisk_a1/share/ASUS_BOOK_BACKUP/DEA-ARJ/DeaWork/DELPHI/SOURCE/LIB.html]
[www.mmnt.net/db/0/0/95.25.174.12/AiDisk_a1/share/ASUS_BOOK_BACKUP/DEA-ARJ/DeaWork/DELPHI/SOURCE/RTL/SYS.html]
[www.mmnt.net/db/0/0/95.25.174.12/AiDisk_a1/share/ASUS_BOOK_BACKUP/DEA-ARJ/DeaWork/DELPHI/SOURCE/RTL/WIN.html]
[www.mmnt.net/db/0/0/95.25.174.12/AiDisk_a1/share/ASUS_BOOK_BACKUP/DEA-ARJ/DeaWork/DELPHI/SOURCE/RTL.html]
[www.mmnt.net/db/0/0/95.25.174.12/AiDisk_a1/share/ASUS_BOOK_BACKUP/DEA-ARJ/DeaWork/DELPHI/SOURCE/RTL70.html]
[www.mmnt.net/db/0/0/95.25.174.12/AiDisk_a1/share/ASUS_BOOK_BACKUP/DEA-ARJ/DeaWork/DELPHI/SOURCE/SAMPLES.html]
[www.mmnt.net/db/0/0/95.25.174.12/AiDisk_a1/share/ASUS_BOOK_BACKUP/DEA-ARJ/DeaWork/DELPHI/SOURCE/VCL/index.html]
[95.25.174.12/AiDisk_a1/share/ASUS_BOOK_BACKUP/DEA-ARJ/DeaWork/DELPHI/SOURCE/VCL/MPLAYER.PAS]
[95.25.174.12/AiDisk_a1/share/ASUS_BOOK_BACKUP/DEA-ARJ/DeaWork/DELPHI/SOURCE/VCL/OUTLINE.PAS]
[95.25.174.12/AiDisk_a1/share/ASUS_BOOK_BACKUP/DEA-ARJ/DeaWork/DELPHI/SOURCE/VCL/PARAMDLG.PAS]
[95.25.174.12/AiDisk_a1/share/ASUS_BOOK_BACKUP/DEA-ARJ/DeaWork/DELPHI/SOURCE/VCL/PRINTERS.PAS]
[95.25.174.12/AiDisk_a1/share/ASUS_BOOK_BACKUP/DEA-ARJ/DeaWork/DELPHI/SOURCE/VCL/PROCDLG.PAS]
[95.25.174.12/AiDisk_a1/share/ASUS_BOOK_BACKUP/DEA-ARJ/DeaWork/DELPHI/SOURCE/VCL/QBINDDLG.PAS]
[95.25.174.12/AiDisk_a1/share/ASUS_BOOK_BACKUP/DEA-ARJ/DeaWork/DELPHI/SOURCE/VCL/REPORT.PAS]
[95.25.174.12/AiDisk_a1/share/ASUS_BOOK_BACKUP/DEA-ARJ/DeaWork/DELPHI/SOURCE/VCL/STDCTRLS.PAS]
[95.25.174.12/AiDisk_a1/share/ASUS_BOOK_BACKUP/DEA-ARJ/DeaWork/DELPHI/SOURCE/VCL/TOCTRL.PAS]
[95.25.174.12/AiDisk_a1/share/ASUS_BOOK_BACKUP/DEA-ARJ/DeaWork/DELPHI/SOURCE/VCL/TOOLINTF.PAS]
[95.25.174.12/AiDisk_a1/share/ASUS_BOOK_BACKUP/DEA-ARJ/DeaWork/DELPHI/SOURCE/VCL/VBXMSG.RC]
[95.25.174.12/AiDisk_a1/share/ASUS_BOOK_BACKUP/DEA-ARJ/DeaWork/DELPHI/SOURCE/VCL/VCL.INC]
[95.25.174.12/AiDisk_a1/share/ASUS_BOOK_BACKUP/DEA-ARJ/DeaWork/DELPHI/SOURCE/VCL/VCSINTF.PAS]
[95.25.174.12/AiDisk_a1/share/ASUS_BOOK_BACKUP/DEA-ARJ/DeaWork/DELPHI/SOURCE/VCL/VIRTINTF.PAS]
[www.mmnt.net/db/0/0/95.25.174.12/AiDisk_a1/share/ASUS_BOOK_BACKUP/DEA-ARJ/DeaWork/DELPHI/SOURCE/RTL/SYS.html]
[www.mmnt.net/db/0/0/95.25.174.12/AiDisk_a1/share/ASUS_BOOK_BACKUP/DEA-ARJ/DeaWork/DELPHI/SOURCE/RTL/WIN.html]
[www.mmnt.net/db/0/0/95.25.174.12/AiDisk_a1/share/ASUS_BOOK_BACKUP/DEA-ARJ/DeaWork/DELPHI/SOURCE/RTL/index.html]
[www.mmnt.net/db/0/0/95.25.174.12/AiDisk_a1/share/ASUS_BOOK_BACKUP/DEA-ARJ/DeaWork/DELPHI/SOURCE/RTL/index.html]
